### Cookbook not found for linux-vm (Chef::Exceptions::CookbookNotFound)

  => The disk mounts probably got flattened

    vagrant reload


### Cannot mount disk

  mount -t vboxsf -o uid=`id -u vagrant`,gid=`id -g vagrant` v-root /vagrant
  ERROR vagrant: Vagrant experienced an error! Details:
  ERROR vagrant: #<Vagrant::Errors::VagrantError: The following SSH command responded with a non-zero exit status.
  Vagrant assumes that this means the command failed!
  /sbin/mount.vboxsf: mounting failed with the error: No such device

  Problem: VirtualBox guest additions are out-of-date. Run:

    vagrant vbguest --do install --force


### Hang when
  "Waiting for VM to boot. This can take a few minutes."
  - or -
  "Running provisioner: Vagrant::Provisioners::ChefSolo"
  - or -
  "Configuring and enabling network interfaces..."

  => login to box (ssh or tty) and run:

    sudo dhclient
    # Nope: sudo /etc/init.d/network restart

### Missing cookbooks directory

  This error really means that the "cookbooks" directory on the host is missing

  [default] Mounting shared folders...
  [default] -- v-root: /vagrant
  [default] -- vm_data: /vm_data
  [default] -- v-csr-3: /tmp/vagrant-chef-1/chef-solo-3/roles
  [default] -- v-csc-2: /tmp/vagrant-chef-1/chef-solo-2/cookbooks
  The following SSH command responded with a non-zero exit status.
  Vagrant assumes that this means the command failed!

  mount -t vboxsf -o uid=`id -u vagrant`,gid=`id -g vagrant` v-csc-2 /tmp/vagrant-chef-1/chef-solo-2/cookbooks

### Gnome desktop freezes when you click or type

  => reboot; open ssh session

    remove ~/.Xauthority
